array[0] = 5
array[1] = 9
array[2] = 0
array[3] = 1
array[4] = -23
array[5] = 0
array[6] = 0
array[7] = 2
array[8] = 3
array[9] = 4
