array[0] = 0
array[1] = 1
array[2] = 2
array[3] = 2
array[4] = 3
array[5] = 1
array[6] = 2
