array[0] = 1
array[1] = 2
array[2] = 2
array[3] = 3
array[4] = 4
