array[0] = 1
array[1] = 2
array[2] = 3
array[3] = 8
array[4] = 4
array[5] = 8
array[6] = 1
array[7] = 10
